// Jest Snapshot v1, https://goo.gl/fbAQLP

exports[`should render NotFoundPage properly 1`] = `
<div>
  404 page not found! - 
  <Link
    replace={false}
    to="/"
  >
    Go home!
  </Link>
</div>
`;
